###############################################################################
#                                                                             #
# IAR ELF Linker V5.40.5.51622/W32 for ARM              19/Apr/2017  01:17:59 #
# Copyright (C) 2007-2009 IAR Systems AB.                                     #
#                                                                             #
#    Output file  =  Z:\elec3300\project work\project_src\PROJ\Project\EWARMv #
#                    5\STM3210E debug\Exe\STM3210E-EVAL.out                   #
#    Map file     =  Z:\elec3300\project work\project_src\PROJ\Project\EWARMv #
#                    5\STM3210E debug\List\STM3210E-EVAL.map                  #
#    Command line =  "Z:\elec3300\project work\project_src\PROJ\Project\EWARM #
#                    v5\STM3210E debug\Obj\core_cm3.o" "Z:\elec3300\project   #
#                    work\project_src\PROJ\Project\EWARMv5\STM3210E           #
#                    debug\Obj\diskio.o" "Z:\elec3300\project                 #
#                    work\project_src\PROJ\Project\EWARMv5\STM3210E           #
#                    debug\Obj\ff.o" "Z:\elec3300\project                     #
#                    work\project_src\PROJ\Project\EWARMv5\STM3210E           #
#                    debug\Obj\lcd.o" "Z:\elec3300\project                    #
#                    work\project_src\PROJ\Project\EWARMv5\STM3210E           #
#                    debug\Obj\main.o" "Z:\elec3300\project                   #
#                    work\project_src\PROJ\Project\EWARMv5\STM3210E           #
#                    debug\Obj\misc.o" "Z:\elec3300\project                   #
#                    work\project_src\PROJ\Project\EWARMv5\STM3210E           #
#                    debug\Obj\sdcard.o" "Z:\elec3300\project                 #
#                    work\project_src\PROJ\Project\EWARMv5\STM3210E           #
#                    debug\Obj\speaker.o" "Z:\elec3300\project                #
#                    work\project_src\PROJ\Project\EWARMv5\STM3210E           #
#                    debug\Obj\startup_stm32f10x_hd.o" "Z:\elec3300\project   #
#                    work\project_src\PROJ\Project\EWARMv5\STM3210E           #
#                    debug\Obj\stm32_eval.o" "Z:\elec3300\project             #
#                    work\project_src\PROJ\Project\EWARMv5\STM3210E           #
#                    debug\Obj\stm32f10x_dac.o" "Z:\elec3300\project          #
#                    work\project_src\PROJ\Project\EWARMv5\STM3210E           #
#                    debug\Obj\stm32f10x_dma.o" "Z:\elec3300\project          #
#                    work\project_src\PROJ\Project\EWARMv5\STM3210E           #
#                    debug\Obj\stm32f10x_exti.o" "Z:\elec3300\project         #
#                    work\project_src\PROJ\Project\EWARMv5\STM3210E           #
#                    debug\Obj\stm32f10x_fsmc.o" "Z:\elec3300\project         #
#                    work\project_src\PROJ\Project\EWARMv5\STM3210E           #
#                    debug\Obj\stm32f10x_gpio.o" "Z:\elec3300\project         #
#                    work\project_src\PROJ\Project\EWARMv5\STM3210E           #
#                    debug\Obj\stm32f10x_it.o" "Z:\elec3300\project           #
#                    work\project_src\PROJ\Project\EWARMv5\STM3210E           #
#                    debug\Obj\stm32f10x_rcc.o" "Z:\elec3300\project          #
#                    work\project_src\PROJ\Project\EWARMv5\STM3210E           #
#                    debug\Obj\stm32f10x_sdio.o" "Z:\elec3300\project         #
#                    work\project_src\PROJ\Project\EWARMv5\STM3210E           #
#                    debug\Obj\stm32f10x_tim.o" "Z:\elec3300\project          #
#                    work\project_src\PROJ\Project\EWARMv5\STM3210E           #
#                    debug\Obj\stm32f10x_usart.o" "Z:\elec3300\project        #
#                    work\project_src\PROJ\Project\EWARMv5\STM3210E           #
#                    debug\Obj\system_stm32f10x.o" "Z:\elec3300\project       #
#                    work\project_src\PROJ\Project\EWARMv5\STM3210E           #
#                    debug\Obj\waveplayer.o" -o "Z:\elec3300\project          #
#                    work\project_src\PROJ\Project\EWARMv5\STM3210E           #
#                    debug\Exe\STM3210E-EVAL.out" --map "Z:\elec3300\project  #
#                    work\project_src\PROJ\Project\EWARMv5\STM3210E           #
#                    debug\List\STM3210E-EVAL.map" --config                   #
#                    "Z:\elec3300\project work\project_src\PROJ\Project\EWARM #
#                    v5\STM32F10x_FLASH.icf" --semihosting --entry            #
#                    __iar_program_start                                      #
#                                                                             #
#                                                                             #
###############################################################################

*******************************************************************************
*** PLACEMENT SUMMARY
***

"A1":  place at 0x08000000 { ro section .intvec };
"P1":  place in [from 0x08000000 to 0x0807ffff] { ro };
"P2":  place in [from 0x20000000 to 0x2000ffff] {
          rw, block CSTACK, block HEAP };

  Section            Kind        Address    Size  Object
  -------            ----        -------    ----  ------
"A1":                                      0x130
  .intvec            ro code  0x08000000   0x130  startup_stm32f10x_hd.o [1]
                            - 0x08000130   0x130

"P1":                                     0x3e96
  .text              ro code  0x08000130  0x13cc  sdcard.o [1]
  .text              ro code  0x080014fc   0xd36  ff.o [1]
  .text              ro code  0x08002234   0x50c  waveplayer.o [1]
  .text              ro code  0x08002740   0x384  lcd.o [1]
  .text              ro code  0x08002ac4   0x21c  stm32f10x_gpio.o [1]
  .text              ro code  0x08002ce0   0x1e4  stm32f10x_dma.o [1]
  .text              ro code  0x08002ec4   0x1a4  stm32f10x_sdio.o [1]
  .text              ro code  0x08003068   0x150  system_stm32f10x.o [1]
  .text              ro code  0x080031b8   0x140  main.o [1]
  .text              ro code  0x080032f8   0x120  speaker.o [1]
  .text              ro code  0x08003418   0x114  stm32f10x_fsmc.o [1]
  .text              ro code  0x0800352c    0xcc  diskio.o [1]
  .text              ro code  0x080035f8    0x94  packbits_init2.o [4]
  .text              ro code  0x0800368c    0x90  stm32f10x_rcc.o [1]
  .text              ro code  0x0800371c    0x8c  stm32f10x_dac.o [1]
  .text              ro code  0x080037a8    0x8a  stm32f10x_tim.o [1]
  .text              ro code  0x08003834    0x70  ABImemcpy.o [4]
  .text              ro code  0x080038a4    0x40  stm32f10x_exti.o [1]
  .text              ro code  0x080038e4    0x3c  stm32f10x_it.o [1]
  .iar.init_table    const    0x08003920    0x2c  - Linker created -
  .text              ro code  0x0800394c    0x20  data_init2.o [4]
  .text              ro code  0x0800396c    0x1c  startup_stm32f10x_hd.o [1]
  .text              ro code  0x08003988    0x1c  iarwstd.o [5]
  .text              ro code  0x080039a4    0x1a  zero_init2.o [4]
  .text              ro code  0x080039c0    0x18  cmain.o [4]
  .text              ro code  0x080039d8    0x14  exit.o [5]
  .rodata            const    0x080039ec    0x10  ff.o [1]
  .rodata            const    0x080039fc    0x10  main.o [1]
  .rodata            const    0x08003a0c    0x10  main.o [1]
  .rodata            const    0x08003a1c     0xc  main.o [1]
  .rodata            const    0x08003a28     0xc  main.o [1]
  .rodata            const    0x08003a34     0xc  main.o [1]
  .rodata            const    0x08003a40     0xc  waveplayer.o [1]
  .rodata            const    0x08003a4c     0xc  waveplayer.o [1]
  .text              ro code  0x08003a58     0xa  cexit.o [4]
  .text              ro code  0x08003a62     0x6  exit.o [3]
  .text              ro code  0x08003a68     0x4  startup_stm32f10x_hd.o [1]
  .text              ro code  0x08003a6c     0x4  startup_stm32f10x_hd.o [1]
  .text              ro code  0x08003a70     0x4  startup_stm32f10x_hd.o [1]
  .text              ro code  0x08003a74     0x4  startup_stm32f10x_hd.o [1]
  .text              ro code  0x08003a78     0x4  startup_stm32f10x_hd.o [1]
  .text              ro code  0x08003a7c     0x4  startup_stm32f10x_hd.o [1]
  .text              ro code  0x08003a80     0x4  startup_stm32f10x_hd.o [1]
  .text              ro code  0x08003a84     0x4  startup_stm32f10x_hd.o [1]
  .text              ro code  0x08003a88     0x4  startup_stm32f10x_hd.o [1]
  .text              ro code  0x08003a8c     0x4  startup_stm32f10x_hd.o [1]
  .text              ro code  0x08003a90     0x4  startup_stm32f10x_hd.o [1]
  .text              ro code  0x08003a94     0x4  startup_stm32f10x_hd.o [1]
  .text              ro code  0x08003a98     0x4  startup_stm32f10x_hd.o [1]
  .text              ro code  0x08003a9c     0x4  startup_stm32f10x_hd.o [1]
  .text              ro code  0x08003aa0     0x4  startup_stm32f10x_hd.o [1]
  .text              ro code  0x08003aa4     0x4  startup_stm32f10x_hd.o [1]
  .text              ro code  0x08003aa8     0x4  startup_stm32f10x_hd.o [1]
  .text              ro code  0x08003aac     0x4  startup_stm32f10x_hd.o [1]
  .text              ro code  0x08003ab0     0x4  startup_stm32f10x_hd.o [1]
  .text              ro code  0x08003ab4     0x4  startup_stm32f10x_hd.o [1]
  .text              ro code  0x08003ab8     0x4  startup_stm32f10x_hd.o [1]
  .text              ro code  0x08003abc     0x4  startup_stm32f10x_hd.o [1]
  .text              ro code  0x08003ac0     0x4  startup_stm32f10x_hd.o [1]
  .text              ro code  0x08003ac4     0x4  startup_stm32f10x_hd.o [1]
  .text              ro code  0x08003ac8     0x4  startup_stm32f10x_hd.o [1]
  .text              ro code  0x08003acc     0x4  startup_stm32f10x_hd.o [1]
  .text              ro code  0x08003ad0     0x4  startup_stm32f10x_hd.o [1]
  .text              ro code  0x08003ad4     0x4  startup_stm32f10x_hd.o [1]
  .text              ro code  0x08003ad8     0x4  startup_stm32f10x_hd.o [1]
  .text              ro code  0x08003adc     0x4  startup_stm32f10x_hd.o [1]
  .text              ro code  0x08003ae0     0x4  startup_stm32f10x_hd.o [1]
  .text              ro code  0x08003ae4     0x4  startup_stm32f10x_hd.o [1]
  .text              ro code  0x08003ae8     0x4  startup_stm32f10x_hd.o [1]
  .text              ro code  0x08003aec     0x4  startup_stm32f10x_hd.o [1]
  .text              ro code  0x08003af0     0x4  startup_stm32f10x_hd.o [1]
  .text              ro code  0x08003af4     0x4  startup_stm32f10x_hd.o [1]
  .text              ro code  0x08003af8     0x4  startup_stm32f10x_hd.o [1]
  .text              ro code  0x08003afc     0x4  startup_stm32f10x_hd.o [1]
  .text              ro code  0x08003b00     0x4  startup_stm32f10x_hd.o [1]
  .text              ro code  0x08003b04     0x4  startup_stm32f10x_hd.o [1]
  .text              ro code  0x08003b08     0x4  startup_stm32f10x_hd.o [1]
  .text              ro code  0x08003b0c     0x4  startup_stm32f10x_hd.o [1]
  .text              ro code  0x08003b10     0x4  startup_stm32f10x_hd.o [1]
  .text              ro code  0x08003b14     0x4  startup_stm32f10x_hd.o [1]
  .text              ro code  0x08003b18     0x4  startup_stm32f10x_hd.o [1]
  .text              ro code  0x08003b1c     0x4  startup_stm32f10x_hd.o [1]
  .text              ro code  0x08003b20     0x4  startup_stm32f10x_hd.o [1]
  .text              ro code  0x08003b24     0x4  startup_stm32f10x_hd.o [1]
  .text              ro code  0x08003b28     0x4  startup_stm32f10x_hd.o [1]
  .text              ro code  0x08003b2c     0x4  startup_stm32f10x_hd.o [1]
  .text              ro code  0x08003b30     0x4  startup_stm32f10x_hd.o [1]
  .text              ro code  0x08003b34     0x4  startup_stm32f10x_hd.o [1]
  .text              ro code  0x08003b38     0x4  startup_stm32f10x_hd.o [1]
  .text              ro code  0x08003b3c     0x4  startup_stm32f10x_hd.o [1]
  .text              ro code  0x08003b40     0x4  startup_stm32f10x_hd.o [1]
  .text              ro code  0x08003b44     0x4  startup_stm32f10x_hd.o [1]
  .text              ro code  0x08003b48     0x4  startup_stm32f10x_hd.o [1]
  .text              ro code  0x08003b4c     0x4  startup_stm32f10x_hd.o [1]
  .text              ro code  0x08003b50     0x4  startup_stm32f10x_hd.o [1]
  .text              ro code  0x08003b54     0x4  startup_stm32f10x_hd.o [1]
  .text              ro code  0x08003b58     0x4  startup_stm32f10x_hd.o [1]
  .text              ro code  0x08003b5c     0x4  startup_stm32f10x_hd.o [1]
  .text              ro code  0x08003b60     0x4  startup_stm32f10x_hd.o [1]
  .text              ro code  0x08003b64     0x4  startup_stm32f10x_hd.o [1]
  .text              ro code  0x08003b68     0x4  startup_stm32f10x_hd.o [1]
  .text              ro code  0x08003b6c     0x4  startup_stm32f10x_hd.o [1]
  .text              ro code  0x08003b70     0x4  startup_stm32f10x_hd.o [1]
  .text              ro code  0x08003b74     0x4  startup_stm32f10x_hd.o [1]
  .text              ro code  0x08003b78     0x4  startup_stm32f10x_hd.o [1]
  Initializer bytes  ro data  0x08003b7c   0x44a  <for P2 s0>
                            - 0x08003fc6  0x3e96

"P2", part 1 of 3:                         0x400
  CSTACK                      0x20000000   0x400  <Block>
    CSTACK           uninit   0x20000000   0x400  <Block tail>
                            - 0x20000400   0x400

"P2", part 2 of 3:                         0x734
  .bss               zero     0x20000400   0x220  waveplayer.o [1]
  .bss               zero     0x20000620   0x200  speaker.o [1]
  .bss               zero     0x20000820   0x200  waveplayer.o [1]
  .bss               zero     0x20000a20    0x2c  speaker.o [1]
  .bss               zero     0x20000a4c    0x18  sdcard.o [1]
  .bss               zero     0x20000a64    0x18  sdcard.o [1]
  .bss               zero     0x20000a7c    0x18  waveplayer.o [1]
  .bss               zero     0x20000a94    0x18  waveplayer.o [1]
  .bss               zero     0x20000aac    0x14  sdcard.o [1]
  .bss               zero     0x20000ac0    0x10  sdcard.o [1]
  .bss               zero     0x20000ad0    0x10  sdcard.o [1]
  .bss               zero     0x20000ae0    0x10  speaker.o [1]
  .bss               zero     0x20000af0     0xc  speaker.o [1]
  .bss               zero     0x20000afc     0x4  ff.o [1]
  .bss               zero     0x20000b00     0x4  main.o [1]
  .bss               zero     0x20000b04     0x4  sdcard.o [1]
  .bss               zero     0x20000b08     0x4  sdcard.o [1]
  .bss               zero     0x20000b0c     0x4  sdcard.o [1]
  .bss               zero     0x20000b10     0x4  sdcard.o [1]
  .bss               zero     0x20000b14     0x4  sdcard.o [1]
  .bss               zero     0x20000b18     0x4  sdcard.o [1]
  .bss               zero     0x20000b1c     0x4  speaker.o [1]
  .bss               zero     0x20000b20     0x4  waveplayer.o [1]
  .bss               zero     0x20000b24     0x4  waveplayer.o [1]
  .bss               zero     0x20000b28     0x4  waveplayer.o [1]
  .bss               zero     0x20000b2c     0x4  iarwstd.o [5]
  .bss               zero     0x20000b30     0x2  ff.o [1]
  .bss               zero     0x20000b32     0x1  waveplayer.o [1]
                            - 0x20000b33   0x733

"P2", part 3 of 3:                         0x808
  P2 s0                       0x20000b34   0x808  <Init block>
    .data            inited   0x20000b34   0x800  lcd.o [1]
    .data            inited   0x20001334     0x4  sdcard.o [1]
    .data            inited   0x20001338     0x2  waveplayer.o [1]
    .data            inited   0x2000133a     0x1  sdcard.o [1]
    .data            inited   0x2000133b     0x1  waveplayer.o [1]
                            - 0x2000133c   0x808


*******************************************************************************
*** INIT TABLE
***

          Address     Size
          -------     ----
Zero (__iar_zero_init2)
    1 destination range, total size 0x733:
          0x20000400  0x733

Copy/packbits (__iar_packbits_init2)
    1 source range, total size 0x44a (53% of destination):
          0x08003b7c  0x44a
    1 destination range, total size 0x808:
          0x20000b34  0x808


*******************************************************************************
*** MODULE SUMMARY
***

    Module                  ro code  ro data  rw data
    ------                  -------  -------  -------
Z:\elec3300\project work\project_src\PROJ\Project\EWARMv5\STM3210E debug\Obj: [1]
    diskio.o                    204
    ff.o                      3 382       16        6
    lcd.o                       900    1 093    2 048
    main.o                      320       68        4
    sdcard.o                  5 068        3      129
    speaker.o                   288               588
    startup_stm32f10x_hd.o      608
    stm32f10x_dac.o             140
    stm32f10x_dma.o             484
    stm32f10x_exti.o             64
    stm32f10x_fsmc.o            276
    stm32f10x_gpio.o            540
    stm32f10x_it.o               60
    stm32f10x_rcc.o             144
    stm32f10x_sdio.o            420
    stm32f10x_tim.o             138
    system_stm32f10x.o          336
    waveplayer.o              1 292       26    1 120
    -------------------------------------------------
    Total:                   14 664    1 206    3 895

command line: [2]
    -------------------------------------------------
    Total:

dl7M_tl_in.a: [3]
    exit.o                        6
    -------------------------------------------------
    Total:                        6

rt7M_tl.a: [4]
    ABImemcpy.o                 112
    cexit.o                      10
    cmain.o                      24
    data_init2.o                 32
    packbits_init2.o            148
    zero_init2.o                 26
    -------------------------------------------------
    Total:                      352

shb_l.a: [5]
    exit.o                       20
    iarwstd.o                    28                 4
    -------------------------------------------------
    Total:                       48                 4

    Gaps                          6
    Linker created                        44    1 024
-----------------------------------------------------
    Grand Total:             15 076    1 250    4 923


*******************************************************************************
*** ENTRY LIST
***

Entry                      Address   Size  Type      Object
-----                      -------   ----  ----      ------
ADC1_2_IRQHandler       0x08003ad5         Code  Wk  startup_stm32f10x_hd.o [1]
ADC3_IRQHandler         0x08003b49         Code  Wk  startup_stm32f10x_hd.o [1]
Audio_Mono_DMA_Config   0x080033a5   0x74  Code  Lc  speaker.o [1]
Audio_Play              0x080032f9   0xa8  Code  Gb  speaker.o [1]
BusFault_Handler        0x080038eb    0x2  Code  Gb  stm32f10x_it.o [1]
CAN1_RX1_IRQHandler     0x08003ae1         Code  Wk  startup_stm32f10x_hd.o [1]
CAN1_SCE_IRQHandler     0x08003ae5         Code  Wk  startup_stm32f10x_hd.o [1]
CID_Tab                 0x20000ad0   0x10  Data  Lc  sdcard.o [1]
CSD_Tab                 0x20000ac0   0x10  Data  Lc  sdcard.o [1]
CSTACK$$Base            0x20000000          --   Gb  - Linker created -
CSTACK$$Limit           0x20000400          --   Gb  - Linker created -
CardType                0x20000b04    0x4  Data  Lc  sdcard.o [1]
ChineseTable            0x20000b34  0x800  Data  Gb  lcd.o [1]
CmdError                0x08000db5   0x3a  Code  Lc  sdcard.o [1]
CmdResp1Error           0x08000e55  0x124  Code  Lc  sdcard.o [1]
CmdResp2Error           0x08000fbd   0x5c  Code  Lc  sdcard.o [1]
CmdResp3Error           0x08000f79   0x44  Code  Lc  sdcard.o [1]
CmdResp6Error           0x08001019   0xb4  Code  Lc  sdcard.o [1]
CmdResp7Error           0x08000df1   0x64  Code  Lc  sdcard.o [1]
DAC_Cmd                 0x08003753   0x26  Code  Gb  stm32f10x_dac.o [1]
DAC_DMACmd              0x08003779   0x2a  Code  Gb  stm32f10x_dac.o [1]
DAC_Init                0x0800371d   0x36  Code  Gb  stm32f10x_dac.o [1]
DAC_InitStructure       0x20000ae0   0x10  Data  Gb  speaker.o [1]
DMA1_Channel1_IRQHandler
                        0x08003ab9         Code  Wk  startup_stm32f10x_hd.o [1]
DMA1_Channel2_IRQHandler
                        0x08003abd         Code  Wk  startup_stm32f10x_hd.o [1]
DMA1_Channel3_IRQHandler
                        0x08003ac1         Code  Wk  startup_stm32f10x_hd.o [1]
DMA1_Channel4_IRQHandler
                        0x08003ac5         Code  Wk  startup_stm32f10x_hd.o [1]
DMA1_Channel5_IRQHandler
                        0x08003ac9         Code  Wk  startup_stm32f10x_hd.o [1]
DMA1_Channel6_IRQHandler
                        0x08003acd         Code  Wk  startup_stm32f10x_hd.o [1]
DMA1_Channel7_IRQHandler
                        0x08003ad1         Code  Wk  startup_stm32f10x_hd.o [1]
DMA2_Channel1_IRQHandler
                        0x08003b6d         Code  Wk  startup_stm32f10x_hd.o [1]
DMA2_Channel2_IRQHandler
                        0x08003b71         Code  Wk  startup_stm32f10x_hd.o [1]
DMA2_Channel3_IRQHandler
                        0x08003b75         Code  Wk  startup_stm32f10x_hd.o [1]
DMA2_Channel4_5_IRQHandler
                        0x08003b79         Code  Wk  startup_stm32f10x_hd.o [1]
DMA_ClearFlag           0x08002ea5   0x10  Code  Gb  stm32f10x_dma.o [1]
DMA_Cmd                 0x08002e5d   0x1a  Code  Gb  stm32f10x_dma.o [1]
DMA_DeInit              0x08002ce1  0x138  Code  Gb  stm32f10x_dma.o [1]
DMA_GetFlagStatus       0x08002e77   0x2e  Code  Gb  stm32f10x_dma.o [1]
DMA_Init                0x08002e19   0x44  Code  Gb  stm32f10x_dma.o [1]
DMA_InitStructure       0x20000a20   0x2c  Data  Gb  speaker.o [1]
DMA_RxConfiguration     0x08001495   0x68  Code  Lc  sdcard.o [1]
DebugMon_Handler        0x080038f1    0x2  Code  Gb  stm32f10x_it.o [1]
DestBuffer              0x20000b14    0x4  Data  Gb  sdcard.o [1]
DeviceMode              0x20001334    0x4  Data  Lc  sdcard.o [1]
EXTI0_IRQHandler        0x080038f7   0x14  Code  Gb  stm32f10x_it.o [1]
EXTI15_10_IRQHandler    0x08003915    0xc  Code  Gb  stm32f10x_it.o [1]
EXTI1_IRQHandler        0x08003aa9         Code  Wk  startup_stm32f10x_hd.o [1]
EXTI2_IRQHandler        0x08003aad         Code  Wk  startup_stm32f10x_hd.o [1]
EXTI3_IRQHandler        0x08003ab1         Code  Wk  startup_stm32f10x_hd.o [1]
EXTI4_IRQHandler        0x08003ab5         Code  Wk  startup_stm32f10x_hd.o [1]
EXTI9_5_IRQHandler      0x0800390b    0xa  Code  Gb  stm32f10x_it.o [1]
EXTI_ClearITPendingBit  0x080038d9    0x6  Code  Gb  stm32f10x_exti.o [1]
EXTI_GetITStatus        0x080038a5   0x2c  Code  Gb  stm32f10x_exti.o [1]
FLASH_IRQHandler        0x08003a9d         Code  Wk  startup_stm32f10x_hd.o [1]
FSMC_IRQHandler         0x08003b4d         Code  Wk  startup_stm32f10x_hd.o [1]
FSMC_NORSRAMCmd         0x080034f5   0x38  Code  Gb  stm32f10x_fsmc.o [1]
FSMC_NORSRAMInit        0x08003419   0xd8  Code  Gb  stm32f10x_fsmc.o [1]
FatFs                   0x20000afc    0x4  Data  Lc  ff.o [1]
FindSCR                 0x08001239  0x1ec  Code  Lc  sdcard.o [1]
Fsid                    0x20000b30    0x2  Data  Lc  ff.o [1]
GPIO_Configuration      0x0800143d   0x58  Code  Lc  sdcard.o [1]
GPIO_DeInit             0x08002ac5   0xcc  Code  Gb  stm32f10x_gpio.o [1]
GPIO_Init               0x08002b91  0x150  Code  Gb  stm32f10x_gpio.o [1]
GPIO_InitStructure      0x20000b00    0x4  Data  Gb  main.o [1]
HardFault_Handler       0x080038e7    0x2  Code  Gb  stm32f10x_it.o [1]
I2C1_ER_IRQHandler      0x08003b0d         Code  Wk  startup_stm32f10x_hd.o [1]
I2C1_EV_IRQHandler      0x08003b09         Code  Wk  startup_stm32f10x_hd.o [1]
I2C2_ER_IRQHandler      0x08003b15         Code  Wk  startup_stm32f10x_hd.o [1]
I2C2_EV_IRQHandler      0x08003b11         Code  Wk  startup_stm32f10x_hd.o [1]
LCD_Clear               0x0800297d   0x60  Code  Gb  lcd.o [1]
LCD_CtrlLinesConfig     0x080029e1   0x78  Code  Gb  lcd.o [1]
LCD_DrawChar            0x08002741   0xc8  Code  Gb  lcd.o [1]
LCD_DrawString          0x08002809   0x4a  Code  Gb  lcd.o [1]
LCD_FSMCConfig          0x08002a59   0x6c  Code  Gb  lcd.o [1]
MemManage_Handler       0x080038e9    0x2  Code  Gb  stm32f10x_it.o [1]
NMI_Handler             0x080038e5    0x2  Code  Gb  stm32f10x_it.o [1]
NumChannels             0x20000b32    0x1  Data  Gb  waveplayer.o [1]
PVD_IRQHandler          0x08003a91         Code  Wk  startup_stm32f10x_hd.o [1]
PendSV_Handler          0x080038f3    0x2  Code  Gb  stm32f10x_it.o [1]
RCA                     0x20000b08    0x4  Data  Lc  sdcard.o [1]
RCC_AHBPeriphClockCmd   0x0800368d   0x24  Code  Gb  stm32f10x_rcc.o [1]
RCC_APB1PeriphClockCmd  0x080036d5   0x24  Code  Gb  stm32f10x_rcc.o [1]
RCC_APB2PeriphClockCmd  0x080036b1   0x24  Code  Gb  stm32f10x_rcc.o [1]
RCC_APB2PeriphResetCmd  0x080036f9   0x24  Code  Gb  stm32f10x_rcc.o [1]
RCC_IRQHandler          0x08003aa1         Code  Wk  startup_stm32f10x_hd.o [1]
RTCAlarm_IRQHandler     0x08003b31         Code  Wk  startup_stm32f10x_hd.o [1]
RTC_IRQHandler          0x08003a99         Code  Wk  startup_stm32f10x_hd.o [1]
ReadUnit                0x08002709   0x38  Code  Lc  waveplayer.o [1]
Region$$Table$$Base     0x08003920          --   Gb  - Linker created -
Region$$Table$$Limit    0x0800394c          --   Gb  - Linker created -
SDEnWideBus             0x080010cd  0x16c  Code  Lc  sdcard.o [1]
SDIO_ClearFlag          0x08003059    0x6  Code  Gb  stm32f10x_sdio.o [1]
SDIO_ClockCmd           0x08002f35    0xc  Code  Gb  stm32f10x_sdio.o [1]
SDIO_CmdInitStructure   0x20000aac   0x14  Data  Gb  sdcard.o [1]
SDIO_DMACmd             0x08002f8d    0xc  Code  Gb  stm32f10x_sdio.o [1]
SDIO_DataConfig         0x08002ff5   0x30  Code  Gb  stm32f10x_sdio.o [1]
SDIO_DataInitStructure  0x20000a64   0x18  Data  Gb  sdcard.o [1]
SDIO_DeInit             0x08002ec5   0x3c  Code  Gb  stm32f10x_sdio.o [1]
SDIO_GetCommandResponse
                        0x08002fcd    0xc  Code  Gb  stm32f10x_sdio.o [1]
SDIO_GetFlagStatus      0x0800303d   0x1c  Code  Gb  stm32f10x_sdio.o [1]
SDIO_GetPowerState      0x08002f59    0xa  Code  Gb  stm32f10x_sdio.o [1]
SDIO_GetResponse        0x08002fd9   0x1c  Code  Gb  stm32f10x_sdio.o [1]
SDIO_IRQHandler         0x08003b51         Code  Wk  startup_stm32f10x_hd.o [1]
SDIO_ITConfig           0x08002f69   0x1e  Code  Gb  stm32f10x_sdio.o [1]
SDIO_Init               0x08002f01   0x30  Code  Gb  stm32f10x_sdio.o [1]
SDIO_InitStructure      0x20000a4c   0x18  Data  Gb  sdcard.o [1]
SDIO_ReadData           0x08003031    0x6  Code  Gb  stm32f10x_sdio.o [1]
SDIO_SendCommand        0x08002f99   0x2a  Code  Gb  stm32f10x_sdio.o [1]
SDIO_SetPowerState      0x08002f41   0x18  Code  Gb  stm32f10x_sdio.o [1]
SD_EnableWideBusOperation
                        0x08000955   0xc2  Code  Gb  sdcard.o [1]
SD_GetCardInfo          0x080005b1  0x394  Code  Gb  sdcard.o [1]
SD_Init                 0x08000131   0x82  Code  Gb  sdcard.o [1]
SD_InitializeCards      0x0800040d  0x1a4  Code  Gb  sdcard.o [1]
SD_PowerON              0x080001b5  0x258  Code  Gb  sdcard.o [1]
SD_ReadBlock            0x08000a7d  0x2b4  Code  Gb  sdcard.o [1]
SD_SelectDeselect       0x08000a41   0x3a  Code  Gb  sdcard.o [1]
SD_SendStatus           0x08000d49   0x6c  Code  Gb  sdcard.o [1]
SD_SetDeviceMode        0x08000a21   0x20  Code  Gb  sdcard.o [1]
SPI1_IRQHandler         0x08003b19         Code  Wk  startup_stm32f10x_hd.o [1]
SPI2_IRQHandler         0x08003b1d         Code  Wk  startup_stm32f10x_hd.o [1]
SPI3_IRQHandler         0x08003b59         Code  Wk  startup_stm32f10x_hd.o [1]
STM3210E_LCD_Init       0x080028a9   0xd4  Code  Gb  lcd.o [1]
SVC_Handler             0x080038ef    0x2  Code  Gb  stm32f10x_it.o [1]
SetSysClock             0x080030c1    0x8  Code  Lc  system_stm32f10x.o [1]
SetSysClockTo72         0x080030c9   0xe8  Code  Lc  system_stm32f10x.o [1]
SpeechDataOffset        0x20000b24    0x4  Data  Lc  waveplayer.o [1]
StopCondition           0x20000b10    0x4  Data  Lc  sdcard.o [1]
SysTick_Handler         0x080038f5    0x2  Code  Gb  stm32f10x_it.o [1]
SystemInit              0x08003069   0x58  Code  Gb  system_stm32f10x.o [1]
SystemInit_ExtMemCtl    0x0800396d         Code  Wk  startup_stm32f10x_hd.o [1]
TAMPER_IRQHandler       0x08003a95         Code  Wk  startup_stm32f10x_hd.o [1]
TIM1_BRK_IRQHandler     0x08003aed         Code  Wk  startup_stm32f10x_hd.o [1]
TIM1_CC_IRQHandler      0x08003af9         Code  Wk  startup_stm32f10x_hd.o [1]
TIM1_TRG_COM_IRQHandler
                        0x08003af5         Code  Wk  startup_stm32f10x_hd.o [1]
TIM1_UP_IRQHandler      0x08003af1         Code  Wk  startup_stm32f10x_hd.o [1]
TIM2_IRQHandler         0x08003afd         Code  Wk  startup_stm32f10x_hd.o [1]
TIM3_IRQHandler         0x08003b01         Code  Wk  startup_stm32f10x_hd.o [1]
TIM4_IRQHandler         0x08003b05         Code  Wk  startup_stm32f10x_hd.o [1]
TIM5_IRQHandler         0x08003b55         Code  Wk  startup_stm32f10x_hd.o [1]
TIM6ARRValue            0x20001338    0x2  Data  Gb  waveplayer.o [1]
TIM6_IRQHandler         0x08003b65         Code  Wk  startup_stm32f10x_hd.o [1]
TIM7_IRQHandler         0x08003b69         Code  Wk  startup_stm32f10x_hd.o [1]
TIM8_BRK_IRQHandler     0x08003b39         Code  Wk  startup_stm32f10x_hd.o [1]
TIM8_CC_IRQHandler      0x08003b45         Code  Wk  startup_stm32f10x_hd.o [1]
TIM8_TRG_COM_IRQHandler
                        0x08003b41         Code  Wk  startup_stm32f10x_hd.o [1]
TIM8_UP_IRQHandler      0x08003b3d         Code  Wk  startup_stm32f10x_hd.o [1]
TIM_Cmd                 0x08003801   0x1c  Code  Gb  stm32f10x_tim.o [1]
TIM_SelectOutputTrigger
                        0x0800381d   0x12  Code  Gb  stm32f10x_tim.o [1]
TIM_SetAutoreload       0x0800382f    0x4  Code  Gb  stm32f10x_tim.o [1]
TIM_TimeBaseInit        0x080037a9   0x36  Code  Gb  stm32f10x_tim.o [1]
TIM_TimeBaseStructInit  0x080037e9   0x18  Code  Gb  stm32f10x_tim.o [1]
TIM_TimeBaseStructure   0x20000af0    0xc  Data  Gb  speaker.o [1]
TotalNumberOfBytes      0x20000b0c    0x4  Data  Lc  sdcard.o [1]
TransferEnd             0x20000b18    0x4  Data  Gb  sdcard.o [1]
TransferError           0x2000133a    0x1  Data  Gb  sdcard.o [1]
UART4_IRQHandler        0x08003b5d         Code  Wk  startup_stm32f10x_hd.o [1]
UART5_IRQHandler        0x08003b61         Code  Wk  startup_stm32f10x_hd.o [1]
USART1_IRQHandler       0x08003b21         Code  Wk  startup_stm32f10x_hd.o [1]
USART2_IRQHandler       0x08003b25         Code  Wk  startup_stm32f10x_hd.o [1]
USART3_IRQHandler       0x08003b29         Code  Wk  startup_stm32f10x_hd.o [1]
USBWakeUp_IRQHandler    0x08003b35         Code  Wk  startup_stm32f10x_hd.o [1]
USB_HP_CAN1_TX_IRQHandler
                        0x08003ad9         Code  Wk  startup_stm32f10x_hd.o [1]
USB_LP_CAN1_RX0_IRQHandler
                        0x08003add         Code  Wk  startup_stm32f10x_hd.o [1]
UsageFault_Handler      0x080038ed    0x2  Code  Gb  stm32f10x_it.o [1]
WAVE_Format             0x20000a7c   0x18  Data  Lc  waveplayer.o [1]
WWDG_IRQHandler         0x08003a8d         Code  Wk  startup_stm32f10x_hd.o [1]
WaveDataLength          0x20000b20    0x4  Data  Gb  waveplayer.o [1]
WaveFileStatus          0x2000133b    0x1  Data  Lc  waveplayer.o [1]
WavePlayerMenu_Start    0x08002529  0x1bc  Code  Gb  waveplayer.o [1]
WavePlayer_WaveParsing  0x08002235  0x2f4  Code  Lc  waveplayer.o [1]
Wavebuffer              0x20000620  0x200  Data  Gb  speaker.o [1]
Wavebuffer2             0x20000820  0x200  Data  Gb  waveplayer.o [1]
__aeabi_memcpy          0x08003835         Code  Gb  ABImemcpy.o [4]
__aeabi_memcpy4         0x0800384f         Code  Gb  ABImemcpy.o [4]
__aeabi_memcpy8         0x0800384f         Code  Gb  ABImemcpy.o [4]
__exit                  0x080039d9   0x14  Code  Gb  exit.o [5]
__iar_data_init2        0x0800394d   0x20  Code  Gb  data_init2.o [4]
__iar_packbits_init2    0x080035f9   0x94  Code  Gb  packbits_init2.o [4]
__iar_program_start     0x080039c1         Code  Gb  cmain.o [4]
__iar_sh_stdout_close   0x08003989   0x16  Code  Gb  iarwstd.o [5]
__iar_sh_stdout_handle  0x20000b2c    0x4  Data  Lc  iarwstd.o [5]
__iar_zero_init2        0x080039a5   0x1a  Code  Gb  zero_init2.o [4]
__low_level_init        0x0800396f         Code  Gb  startup_stm32f10x_hd.o [1]
__vector_table          0x08000000         Data  Gb  startup_stm32f10x_hd.o [1]
_exit                   0x08003a59         Code  Gb  cexit.o [4]
_main                   0x080039d3         Code  Gb  cmain.o [4]
check_fs                0x08001b75   0x80  Code  Lc  ff.o [1]
chk_chr                 0x08001577   0x14  Code  Lc  ff.o [1]
clust2sect              0x080015c5   0x1a  Code  Lc  ff.o [1]
convert_from_bytes_to_power_of_two
                        0x08001425   0x18  Code  Lc  sdcard.o [1]
create_name             0x08001991   0xe4  Code  Lc  ff.o [1]
delay                   0x08002853   0x20  Code  Gb  lcd.o [1]
dir_find                0x08001899   0x78  Code  Lc  ff.o [1]
dir_next                0x080017b7   0xba  Code  Lc  ff.o [1]
dir_sdi                 0x080016ef   0xc8  Code  Lc  ff.o [1]
disk_initialize         0x08003551   0x58  Code  Gb  diskio.o [1]
disk_read               0x080035a9   0x50  Code  Gb  diskio.o [1]
disk_status             0x0800352d   0x24  Code  Gb  diskio.o [1]
exit                    0x08003a63    0x6  Code  Gb  exit.o [3]
f_close                 0x080021cb   0x1e  Code  Gb  ff.o [1]
f_mount                 0x08001f37   0x60  Code  Gb  ff.o [1]
f_open                  0x08001f9d   0x9a  Code  Gb  ff.o [1]
f_read                  0x08002037  0x194  Code  Gb  ff.o [1]
f_stat                  0x080021e9   0x4a  Code  Gb  ff.o [1]
fiInfo                  0x20000a94   0x18  Data  Gb  waveplayer.o [1]
find_volume             0x08001bf5  0x2fc  Code  Lc  ff.o [1]
fiwave                  0x20000400  0x220  Data  Gb  waveplayer.o [1]
follow_path             0x08001a75   0xae  Code  Lc  ff.o [1]
get_fat                 0x080015df  0x110  Code  Lc  ff.o [1]
get_fileinfo            0x08001911   0x80  Code  Lc  ff.o [1]
get_ldnumber            0x08001b23   0x52  Code  Lc  ff.o [1]
ld_clust                0x08001871   0x28  Code  Lc  ff.o [1]
ld_dword                0x0800150d   0x1a  Code  Lc  ff.o [1]
ld_word                 0x080014fd   0x10  Code  Lc  ff.o [1]
main                    0x080031b9  0x140  Code  Gb  main.o [1]
mem_cmp                 0x08001551   0x26  Code  Lc  ff.o [1]
mem_cpy                 0x08001527   0x1c  Code  Lc  ff.o [1]
mem_set                 0x08001543    0xe  Code  Lc  ff.o [1]
move_window             0x0800158b   0x3a  Code  Lc  ff.o [1]
power_delay             0x0800288d   0x1c  Code  Gb  lcd.o [1]
reset_delay             0x08002873   0x18  Code  Gb  lcd.o [1]
validate                0x08001ef1   0x46  Code  Lc  ff.o [1]
wavecounter             0x20000b1c    0x4  Data  Gb  speaker.o [1]
wavelen                 0x20000b28    0x4  Data  Lc  waveplayer.o [1]


[1] = Z:\elec3300\project work\project_src\PROJ\Project\EWARMv5\STM3210E debug\Obj
[2] = command line
[3] = dl7M_tl_in.a
[4] = rt7M_tl.a
[5] = shb_l.a

  15 076 bytes of readonly  code memory
   1 250 bytes of readonly  data memory
   4 923 bytes of readwrite data memory

Errors: none
Warnings: none
