###############################################################################
#                                                                             #
# IAR ELF Linker V5.40.5.51622/W32 for ARM              07/May/2017  17:52:12 #
# Copyright (C) 2007-2009 IAR Systems AB.                                     #
#                                                                             #
#    Output file  =  Z:\elec3300\project work\project_src\ELEC3300PROJ\Projec #
#                    t\EWARMv5\STM3210E debug\Exe\STM3210E-EVAL.out           #
#    Map file     =  Z:\elec3300\project work\project_src\ELEC3300PROJ\Projec #
#                    t\EWARMv5\STM3210E debug\List\STM3210E-EVAL.map          #
#    Command line =  "Z:\elec3300\project work\project_src\ELEC3300PROJ\Proje #
#                    ct\EWARMv5\STM3210E debug\Obj\button.o"                  #
#                    "Z:\elec3300\project work\project_src\ELEC3300PROJ\Proje #
#                    ct\EWARMv5\STM3210E debug\Obj\clock.o"                   #
#                    "Z:\elec3300\project work\project_src\ELEC3300PROJ\Proje #
#                    ct\EWARMv5\STM3210E debug\Obj\core_cm3.o"                #
#                    "Z:\elec3300\project work\project_src\ELEC3300PROJ\Proje #
#                    ct\EWARMv5\STM3210E debug\Obj\diskio.o"                  #
#                    "Z:\elec3300\project work\project_src\ELEC3300PROJ\Proje #
#                    ct\EWARMv5\STM3210E debug\Obj\ff.o"                      #
#                    "Z:\elec3300\project work\project_src\ELEC3300PROJ\Proje #
#                    ct\EWARMv5\STM3210E debug\Obj\lcd.o"                     #
#                    "Z:\elec3300\project work\project_src\ELEC3300PROJ\Proje #
#                    ct\EWARMv5\STM3210E debug\Obj\ledm.o"                    #
#                    "Z:\elec3300\project work\project_src\ELEC3300PROJ\Proje #
#                    ct\EWARMv5\STM3210E debug\Obj\main.o"                    #
#                    "Z:\elec3300\project work\project_src\ELEC3300PROJ\Proje #
#                    ct\EWARMv5\STM3210E debug\Obj\misc.o"                    #
#                    "Z:\elec3300\project work\project_src\ELEC3300PROJ\Proje #
#                    ct\EWARMv5\STM3210E debug\Obj\motor.o"                   #
#                    "Z:\elec3300\project work\project_src\ELEC3300PROJ\Proje #
#                    ct\EWARMv5\STM3210E debug\Obj\rencoder.o"                #
#                    "Z:\elec3300\project work\project_src\ELEC3300PROJ\Proje #
#                    ct\EWARMv5\STM3210E debug\Obj\sdcard.o"                  #
#                    "Z:\elec3300\project work\project_src\ELEC3300PROJ\Proje #
#                    ct\EWARMv5\STM3210E debug\Obj\speaker.o"                 #
#                    "Z:\elec3300\project work\project_src\ELEC3300PROJ\Proje #
#                    ct\EWARMv5\STM3210E debug\Obj\startup_stm32f10x_hd.o"    #
#                    "Z:\elec3300\project work\project_src\ELEC3300PROJ\Proje #
#                    ct\EWARMv5\STM3210E debug\Obj\stm32_eval.o"              #
#                    "Z:\elec3300\project work\project_src\ELEC3300PROJ\Proje #
#                    ct\EWARMv5\STM3210E debug\Obj\stm32f10x_bkp.o"           #
#                    "Z:\elec3300\project work\project_src\ELEC3300PROJ\Proje #
#                    ct\EWARMv5\STM3210E debug\Obj\stm32f10x_dac.o"           #
#                    "Z:\elec3300\project work\project_src\ELEC3300PROJ\Proje #
#                    ct\EWARMv5\STM3210E debug\Obj\stm32f10x_dma.o"           #
#                    "Z:\elec3300\project work\project_src\ELEC3300PROJ\Proje #
#                    ct\EWARMv5\STM3210E debug\Obj\stm32f10x_exti.o"          #
#                    "Z:\elec3300\project work\project_src\ELEC3300PROJ\Proje #
#                    ct\EWARMv5\STM3210E debug\Obj\stm32f10x_fsmc.o"          #
#                    "Z:\elec3300\project work\project_src\ELEC3300PROJ\Proje #
#                    ct\EWARMv5\STM3210E debug\Obj\stm32f10x_gpio.o"          #
#                    "Z:\elec3300\project work\project_src\ELEC3300PROJ\Proje #
#                    ct\EWARMv5\STM3210E debug\Obj\stm32f10x_it.o"            #
#                    "Z:\elec3300\project work\project_src\ELEC3300PROJ\Proje #
#                    ct\EWARMv5\STM3210E debug\Obj\stm32f10x_pwr.o"           #
#                    "Z:\elec3300\project work\project_src\ELEC3300PROJ\Proje #
#                    ct\EWARMv5\STM3210E debug\Obj\stm32f10x_rcc.o"           #
#                    "Z:\elec3300\project work\project_src\ELEC3300PROJ\Proje #
#                    ct\EWARMv5\STM3210E debug\Obj\stm32f10x_rtc.o"           #
#                    "Z:\elec3300\project work\project_src\ELEC3300PROJ\Proje #
#                    ct\EWARMv5\STM3210E debug\Obj\stm32f10x_sdio.o"          #
#                    "Z:\elec3300\project work\project_src\ELEC3300PROJ\Proje #
#                    ct\EWARMv5\STM3210E debug\Obj\stm32f10x_tim.o"           #
#                    "Z:\elec3300\project work\project_src\ELEC3300PROJ\Proje #
#                    ct\EWARMv5\STM3210E debug\Obj\stm32f10x_usart.o"         #
#                    "Z:\elec3300\project work\project_src\ELEC3300PROJ\Proje #
#                    ct\EWARMv5\STM3210E debug\Obj\system_stm32f10x.o"        #
#                    "Z:\elec3300\project work\project_src\ELEC3300PROJ\Proje #
#                    ct\EWARMv5\STM3210E debug\Obj\temp.o"                    #
#                    "Z:\elec3300\project work\project_src\ELEC3300PROJ\Proje #
#                    ct\EWARMv5\STM3210E debug\Obj\waveplayer.o"              #
#                    "Z:\elec3300\project work\project_src\ELEC3300PROJ\Proje #
#                    ct\EWARMv5\STM3210E debug\Obj\wireless.o" -o             #
#                    "Z:\elec3300\project work\project_src\ELEC3300PROJ\Proje #
#                    ct\EWARMv5\STM3210E debug\Exe\STM3210E-EVAL.out" --map   #
#                    "Z:\elec3300\project work\project_src\ELEC3300PROJ\Proje #
#                    ct\EWARMv5\STM3210E debug\List\STM3210E-EVAL.map"        #
#                    --config "Z:\elec3300\project                            #
#                    work\project_src\ELEC3300PROJ\Project\EWARMv5\STM32F10x_ #
#                    FLASH.icf" --semihosting --entry __iar_program_start     #
#                                                                             #
#                                                                             #
###############################################################################

*******************************************************************************
*** PLACEMENT SUMMARY
***

"A1":  place at 0x08000000 { ro section .intvec };
"P1":  place in [from 0x08000000 to 0x0807ffff] { ro };
"P2":  place in [from 0x20000000 to 0x2000ffff] {
          rw, block CSTACK, block HEAP };

  Section            Kind        Address    Size  Object
  -------            ----        -------    ----  ------
"A1":                                      0x130
  .intvec            ro code  0x08000000   0x130  startup_stm32f10x_hd.o [1]
                            - 0x08000130   0x130

"P1":                                     0x46b6
  .text              ro code  0x08000130  0x13cc  sdcard.o [1]
  .text              ro code  0x080014fc   0xd36  ff.o [1]
  .text              ro code  0x08002234   0x50c  waveplayer.o [1]
  .text              ro code  0x08002740   0x384  lcd.o [1]
  .text              ro code  0x08002ac4   0x278  ledm.o [1]
  .text              ro code  0x08002d3c   0x274  stm32f10x_gpio.o [1]
  .text              ro code  0x08002fb0   0x1e4  stm32f10x_dma.o [1]
  .text              ro code  0x08003194   0x1d8  rencoder.o [1]
  .text              ro code  0x0800336c   0x1a4  stm32f10x_sdio.o [1]
  .text              ro code  0x08003510   0x158  main.o [1]
  .text              ro code  0x08003668   0x150  system_stm32f10x.o [1]
  .text              ro code  0x080037b8   0x14c  button.o [1]
  .text              ro code  0x08003904   0x120  speaker.o [1]
  .text              ro code  0x08003a24   0x114  stm32f10x_fsmc.o [1]
  .text              ro code  0x08003b38    0xe0  stm32f10x_tim.o [1]
  .text              ro code  0x08003c18    0xd8  stm32f10x_exti.o [1]
  .text              ro code  0x08003cf0    0xcc  diskio.o [1]
  .text              ro code  0x08003dbc    0x94  packbits_init2.o [4]
  .text              ro code  0x08003e50    0x90  stm32f10x_rcc.o [1]
  .text              ro code  0x08003ee0    0x8c  stm32f10x_dac.o [1]
  .text              ro code  0x08003f6c    0x80  misc.o [1]
  .text              ro code  0x08003fec    0x70  ABImemcpy.o [4]
  .text              ro code  0x0800405c    0x66  ABImemset.o [4]
  .iar.init_table    const    0x080040c4    0x2c  - Linker created -
  .text              ro code  0x080040f0    0x20  data_init2.o [4]
  .text              ro code  0x08004110    0x1c  startup_stm32f10x_hd.o [1]
  .text              ro code  0x0800412c    0x1c  iarwstd.o [5]
  .text              ro code  0x08004148    0x1a  zero_init2.o [4]
  .text              ro code  0x08004164    0x18  cmain.o [4]
  .text              ro code  0x0800417c    0x16  ledm.o [1]
  .text              ro code  0x08004194    0x14  exit.o [5]
  .text              ro code  0x080041a8    0x12  stm32f10x_it.o [1]
  .rodata            const    0x080041bc    0x10  ff.o [1]
  .rodata            const    0x080041cc    0x10  main.o [1]
  .rodata            const    0x080041dc    0x10  main.o [1]
  .rodata            const    0x080041ec     0xc  button.o [1]
  .rodata            const    0x080041f8     0xc  button.o [1]
  .rodata            const    0x08004204     0xc  main.o [1]
  .rodata            const    0x08004210     0xc  main.o [1]
  .rodata            const    0x0800421c     0xc  main.o [1]
  .rodata            const    0x08004228     0xc  rencoder.o [1]
  .rodata            const    0x08004234     0xc  rencoder.o [1]
  .rodata            const    0x08004240     0xc  waveplayer.o [1]
  .rodata            const    0x0800424c     0xc  waveplayer.o [1]
  .text              ro code  0x08004258     0xa  cexit.o [4]
  .rodata            const    0x08004264     0x8  ledm.o [1]
  .text              ro code  0x0800426c     0x6  exit.o [3]
  .text              ro code  0x08004272     0x4  startup_stm32f10x_hd.o [1]
  .text              ro code  0x08004276     0x4  startup_stm32f10x_hd.o [1]
  .text              ro code  0x0800427a     0x4  startup_stm32f10x_hd.o [1]
  .text              ro code  0x0800427e     0x4  startup_stm32f10x_hd.o [1]
  .text              ro code  0x08004282     0x4  startup_stm32f10x_hd.o [1]
  .text              ro code  0x08004286     0x4  startup_stm32f10x_hd.o [1]
  .text              ro code  0x0800428a     0x4  startup_stm32f10x_hd.o [1]
  .text              ro code  0x0800428e     0x4  startup_stm32f10x_hd.o [1]
  .text              ro code  0x08004292     0x4  startup_stm32f10x_hd.o [1]
  .text              ro code  0x08004296     0x4  startup_stm32f10x_hd.o [1]
  .text              ro code  0x0800429a     0x4  startup_stm32f10x_hd.o [1]
  .text              ro code  0x0800429e     0x4  startup_stm32f10x_hd.o [1]
  .text              ro code  0x080042a2     0x4  startup_stm32f10x_hd.o [1]
  .text              ro code  0x080042a6     0x4  startup_stm32f10x_hd.o [1]
  .text              ro code  0x080042aa     0x4  startup_stm32f10x_hd.o [1]
  .text              ro code  0x080042ae     0x4  startup_stm32f10x_hd.o [1]
  .text              ro code  0x080042b2     0x4  startup_stm32f10x_hd.o [1]
  .text              ro code  0x080042b6     0x4  startup_stm32f10x_hd.o [1]
  .text              ro code  0x080042ba     0x4  startup_stm32f10x_hd.o [1]
  .text              ro code  0x080042be     0x4  startup_stm32f10x_hd.o [1]
  .text              ro code  0x080042c2     0x4  startup_stm32f10x_hd.o [1]
  .text              ro code  0x080042c6     0x4  startup_stm32f10x_hd.o [1]
  .text              ro code  0x080042ca     0x4  startup_stm32f10x_hd.o [1]
  .text              ro code  0x080042ce     0x4  startup_stm32f10x_hd.o [1]
  .text              ro code  0x080042d2     0x4  startup_stm32f10x_hd.o [1]
  .text              ro code  0x080042d6     0x4  startup_stm32f10x_hd.o [1]
  .text              ro code  0x080042da     0x4  startup_stm32f10x_hd.o [1]
  .text              ro code  0x080042de     0x4  startup_stm32f10x_hd.o [1]
  .text              ro code  0x080042e2     0x4  startup_stm32f10x_hd.o [1]
  .text              ro code  0x080042e6     0x4  startup_stm32f10x_hd.o [1]
  .text              ro code  0x080042ea     0x4  startup_stm32f10x_hd.o [1]
  .text              ro code  0x080042ee     0x4  startup_stm32f10x_hd.o [1]
  .text              ro code  0x080042f2     0x4  startup_stm32f10x_hd.o [1]
  .text              ro code  0x080042f6     0x4  startup_stm32f10x_hd.o [1]
  .text              ro code  0x080042fa     0x4  startup_stm32f10x_hd.o [1]
  .text              ro code  0x080042fe     0x4  startup_stm32f10x_hd.o [1]
  .text              ro code  0x08004302     0x4  startup_stm32f10x_hd.o [1]
  .text              ro code  0x08004306     0x4  startup_stm32f10x_hd.o [1]
  .text              ro code  0x0800430a     0x4  startup_stm32f10x_hd.o [1]
  .text              ro code  0x0800430e     0x4  startup_stm32f10x_hd.o [1]
  .text              ro code  0x08004312     0x4  startup_stm32f10x_hd.o [1]
  .text              ro code  0x08004316     0x4  startup_stm32f10x_hd.o [1]
  .text              ro code  0x0800431a     0x4  startup_stm32f10x_hd.o [1]
  .text              ro code  0x0800431e     0x4  startup_stm32f10x_hd.o [1]
  .text              ro code  0x08004322     0x4  startup_stm32f10x_hd.o [1]
  .text              ro code  0x08004326     0x4  startup_stm32f10x_hd.o [1]
  .text              ro code  0x0800432a     0x4  startup_stm32f10x_hd.o [1]
  .text              ro code  0x0800432e     0x4  startup_stm32f10x_hd.o [1]
  .text              ro code  0x08004332     0x4  startup_stm32f10x_hd.o [1]
  .text              ro code  0x08004336     0x4  startup_stm32f10x_hd.o [1]
  .text              ro code  0x0800433a     0x4  startup_stm32f10x_hd.o [1]
  .text              ro code  0x0800433e     0x4  startup_stm32f10x_hd.o [1]
  .text              ro code  0x08004342     0x4  startup_stm32f10x_hd.o [1]
  .text              ro code  0x08004346     0x4  startup_stm32f10x_hd.o [1]
  .text              ro code  0x0800434a     0x4  startup_stm32f10x_hd.o [1]
  .text              ro code  0x0800434e     0x4  startup_stm32f10x_hd.o [1]
  .text              ro code  0x08004352     0x4  startup_stm32f10x_hd.o [1]
  .text              ro code  0x08004356     0x4  startup_stm32f10x_hd.o [1]
  .text              ro code  0x0800435a     0x4  startup_stm32f10x_hd.o [1]
  .text              ro code  0x0800435e     0x4  startup_stm32f10x_hd.o [1]
  .text              ro code  0x08004362     0x4  startup_stm32f10x_hd.o [1]
  .text              ro code  0x08004366     0x4  startup_stm32f10x_hd.o [1]
  .text              ro code  0x0800436a     0x4  startup_stm32f10x_hd.o [1]
  .text              ro code  0x0800436e     0x4  startup_stm32f10x_hd.o [1]
  .text              ro code  0x08004372     0x4  startup_stm32f10x_hd.o [1]
  .text              ro code  0x08004376     0x4  startup_stm32f10x_hd.o [1]
  .text              ro code  0x0800437a     0x4  startup_stm32f10x_hd.o [1]
  .text              ro code  0x0800437e     0x4  startup_stm32f10x_hd.o [1]
  .text              ro code  0x08004382     0x4  startup_stm32f10x_hd.o [1]
  .text              ro code  0x08004386     0x2  clock.o [1]
  .text              ro code  0x08004388     0x2  temp.o [1]
  .text              ro code  0x0800438a     0x2  wireless.o [1]
  Initializer bytes  ro data  0x0800438c   0x45a  <for P2 s0>
                            - 0x080047e6  0x46b6

"P2", part 1 of 3:                         0x400
  CSTACK                      0x20000000   0x400  <Block>
    CSTACK           uninit   0x20000000   0x400  <Block tail>
                            - 0x20000400   0x400

"P2", part 2 of 3:                         0x760
  .bss               zero     0x20000400   0x220  waveplayer.o [1]
  .bss               zero     0x20000620   0x200  speaker.o [1]
  .bss               zero     0x20000820   0x200  waveplayer.o [1]
  .bss               zero     0x20000a20    0x2c  speaker.o [1]
  .bss               zero     0x20000a4c    0x20  ledm.o [1]
  .bss               zero     0x20000a6c    0x18  sdcard.o [1]
  .bss               zero     0x20000a84    0x18  sdcard.o [1]
  .bss               zero     0x20000a9c    0x18  waveplayer.o [1]
  .bss               zero     0x20000ab4    0x18  waveplayer.o [1]
  .bss               zero     0x20000acc    0x14  sdcard.o [1]
  .bss               zero     0x20000ae0    0x10  sdcard.o [1]
  .bss               zero     0x20000af0    0x10  sdcard.o [1]
  .bss               zero     0x20000b00    0x10  speaker.o [1]
  .bss               zero     0x20000b10     0xc  speaker.o [1]
  .bss               zero     0x20000b1c     0x4  ff.o [1]
  .bss               zero     0x20000b20     0x4  main.o [1]
  .bss               zero     0x20000b24     0x4  rencoder.o [1]
  .bss               zero     0x20000b28     0x4  sdcard.o [1]
  .bss               zero     0x20000b2c     0x4  sdcard.o [1]
  .bss               zero     0x20000b30     0x4  sdcard.o [1]
  .bss               zero     0x20000b34     0x4  sdcard.o [1]
  .bss               zero     0x20000b38     0x4  sdcard.o [1]
  .bss               zero     0x20000b3c     0x4  sdcard.o [1]
  .bss               zero     0x20000b40     0x4  speaker.o [1]
  .bss               zero     0x20000b44     0x4  waveplayer.o [1]
  .bss               zero     0x20000b48     0x4  waveplayer.o [1]
  .bss               zero     0x20000b4c     0x4  waveplayer.o [1]
  .bss               zero     0x20000b50     0x4  iarwstd.o [5]
  .bss               zero     0x20000b54     0x2  ff.o [1]
  .bss               zero     0x20000b56     0x1  button.o [1]
  .bss               zero     0x20000b57     0x1  button.o [1]
  .bss               zero     0x20000b58     0x1  ledm.o [1]
  .bss               zero     0x20000b59     0x1  ledm.o [1]
  .bss               zero     0x20000b5a     0x1  ledm.o [1]
  .bss               zero     0x20000b5b     0x1  ledm.o [1]
  .bss               zero     0x20000b5c     0x1  rencoder.o [1]
  .bss               zero     0x20000b5d     0x1  waveplayer.o [1]
                            - 0x20000b5e   0x75e

"P2", part 3 of 3:                         0x818
  P2 s0                       0x20000b60   0x818  <Init block>
    .data            inited   0x20000b60   0x800  lcd.o [1]
    .data            inited   0x20001360    0x10  lcd.o [1]
    .data            inited   0x20001370     0x4  sdcard.o [1]
    .data            inited   0x20001374     0x2  waveplayer.o [1]
    .data            inited   0x20001376     0x1  sdcard.o [1]
    .data            inited   0x20001377     0x1  waveplayer.o [1]
                            - 0x20001378   0x818


*******************************************************************************
*** INIT TABLE
***

          Address     Size
          -------     ----
Zero (__iar_zero_init2)
    1 destination range, total size 0x75e:
          0x20000400  0x75e

Copy/packbits (__iar_packbits_init2)
    1 source range, total size 0x45a (53% of destination):
          0x0800438c  0x45a
    1 destination range, total size 0x818:
          0x20000b60  0x818


*******************************************************************************
*** MODULE SUMMARY
***

    Module                  ro code  ro data  rw data
    ------                  -------  -------  -------
Z:\elec3300\project work\project_src\ELEC3300PROJ\Project\EWARMv5\STM3210E debug\Obj: [1]
    button.o                    332       24        2
    clock.o                       2
    diskio.o                    204
    ff.o                      3 382       16        6
    lcd.o                       900    1 109    2 064
    ledm.o                      654        8       36
    main.o                      344       68        4
    misc.o                      128
    rencoder.o                  472       24        5
    sdcard.o                  5 068        3      129
    speaker.o                   288               588
    startup_stm32f10x_hd.o      608
    stm32f10x_dac.o             140
    stm32f10x_dma.o             484
    stm32f10x_exti.o            216
    stm32f10x_fsmc.o            276
    stm32f10x_gpio.o            628
    stm32f10x_it.o               18
    stm32f10x_rcc.o             144
    stm32f10x_sdio.o            420
    stm32f10x_tim.o             224
    system_stm32f10x.o          336
    temp.o                        2
    waveplayer.o              1 292       26    1 120
    wireless.o                    2
    -------------------------------------------------
    Total:                   16 564    1 278    3 954

command line: [2]
    -------------------------------------------------
    Total:

dl7M_tl_in.a: [3]
    exit.o                        6
    -------------------------------------------------
    Total:                        6

rt7M_tl.a: [4]
    ABImemcpy.o                 112
    ABImemset.o                 102
    cexit.o                      10
    cmain.o                      24
    data_init2.o                 32
    packbits_init2.o            148
    zero_init2.o                 26
    -------------------------------------------------
    Total:                      454

shb_l.a: [5]
    exit.o                       20
    iarwstd.o                    28                 4
    -------------------------------------------------
    Total:                       48                 4

    Gaps                          6        6
    Linker created                        44    1 024
-----------------------------------------------------
    Grand Total:             17 078    1 328    4 982


*******************************************************************************
*** ENTRY LIST
***

Entry                      Address   Size  Type      Object
-----                      -------   ----  ----      ------
ADC1_2_IRQHandler       0x080042df         Code  Wk  startup_stm32f10x_hd.o [1]
ADC3_IRQHandler         0x08004353         Code  Wk  startup_stm32f10x_hd.o [1]
Audio_Mono_DMA_Config   0x080039b1   0x74  Code  Lc  speaker.o [1]
Audio_Play              0x08003905   0xa8  Code  Gb  speaker.o [1]
BusFault_Handler        0x080041af    0x2  Code  Gb  stm32f10x_it.o [1]
Button_Init             0x080037b9   0x9c  Code  Gb  button.o [1]
CAN1_RX1_IRQHandler     0x080042eb         Code  Wk  startup_stm32f10x_hd.o [1]
CAN1_SCE_IRQHandler     0x080042ef         Code  Wk  startup_stm32f10x_hd.o [1]
CID_Tab                 0x20000af0   0x10  Data  Lc  sdcard.o [1]
CSD_Tab                 0x20000ae0   0x10  Data  Lc  sdcard.o [1]
CSTACK$$Base            0x20000000          --   Gb  - Linker created -
CSTACK$$Limit           0x20000400          --   Gb  - Linker created -
CardType                0x20000b28    0x4  Data  Lc  sdcard.o [1]
ChineseTable            0x20000b60  0x800  Data  Gb  lcd.o [1]
Clock_Init              0x08004387    0x2  Code  Gb  clock.o [1]
CmdError                0x08000db5   0x3a  Code  Lc  sdcard.o [1]
CmdResp1Error           0x08000e55  0x124  Code  Lc  sdcard.o [1]
CmdResp2Error           0x08000fbd   0x5c  Code  Lc  sdcard.o [1]
CmdResp3Error           0x08000f79   0x44  Code  Lc  sdcard.o [1]
CmdResp6Error           0x08001019   0xb4  Code  Lc  sdcard.o [1]
CmdResp7Error           0x08000df1   0x64  Code  Lc  sdcard.o [1]
DAC_Cmd                 0x08003f17   0x26  Code  Gb  stm32f10x_dac.o [1]
DAC_DMACmd              0x08003f3d   0x2a  Code  Gb  stm32f10x_dac.o [1]
DAC_Init                0x08003ee1   0x36  Code  Gb  stm32f10x_dac.o [1]
DAC_InitStructure       0x20000b00   0x10  Data  Gb  speaker.o [1]
DMA1_Channel1_IRQHandler
                        0x080042c3         Code  Wk  startup_stm32f10x_hd.o [1]
DMA1_Channel2_IRQHandler
                        0x080042c7         Code  Wk  startup_stm32f10x_hd.o [1]
DMA1_Channel3_IRQHandler
                        0x080042cb         Code  Wk  startup_stm32f10x_hd.o [1]
DMA1_Channel4_IRQHandler
                        0x080042cf         Code  Wk  startup_stm32f10x_hd.o [1]
DMA1_Channel5_IRQHandler
                        0x080042d3         Code  Wk  startup_stm32f10x_hd.o [1]
DMA1_Channel6_IRQHandler
                        0x080042d7         Code  Wk  startup_stm32f10x_hd.o [1]
DMA1_Channel7_IRQHandler
                        0x080042db         Code  Wk  startup_stm32f10x_hd.o [1]
DMA2_Channel1_IRQHandler
                        0x08004377         Code  Wk  startup_stm32f10x_hd.o [1]
DMA2_Channel2_IRQHandler
                        0x0800437b         Code  Wk  startup_stm32f10x_hd.o [1]
DMA2_Channel3_IRQHandler
                        0x0800437f         Code  Wk  startup_stm32f10x_hd.o [1]
DMA2_Channel4_5_IRQHandler
                        0x08004383         Code  Wk  startup_stm32f10x_hd.o [1]
DMA_ClearFlag           0x08003175   0x10  Code  Gb  stm32f10x_dma.o [1]
DMA_Cmd                 0x0800312d   0x1a  Code  Gb  stm32f10x_dma.o [1]
DMA_DeInit              0x08002fb1  0x138  Code  Gb  stm32f10x_dma.o [1]
DMA_GetFlagStatus       0x08003147   0x2e  Code  Gb  stm32f10x_dma.o [1]
DMA_Init                0x080030e9   0x44  Code  Gb  stm32f10x_dma.o [1]
DMA_InitStructure       0x20000a20   0x2c  Data  Gb  speaker.o [1]
DMA_RxConfiguration     0x08001495   0x68  Code  Lc  sdcard.o [1]
DebugMon_Handler        0x080041b5    0x2  Code  Gb  stm32f10x_it.o [1]
DestBuffer              0x20000b38    0x4  Data  Gb  sdcard.o [1]
DeviceMode              0x20001370    0x4  Data  Lc  sdcard.o [1]
EXTI0_IRQHandler        0x08003281   0x70  Code  Gb  rencoder.o [1]
EXTI15_10_IRQHandler    0x08003855   0xa8  Code  Gb  button.o [1]
EXTI1_IRQHandler        0x080032f1   0x70  Code  Gb  rencoder.o [1]
EXTI2_IRQHandler        0x080042b7         Code  Wk  startup_stm32f10x_hd.o [1]
EXTI3_IRQHandler        0x080042bb         Code  Wk  startup_stm32f10x_hd.o [1]
EXTI4_IRQHandler        0x080042bf         Code  Wk  startup_stm32f10x_hd.o [1]
EXTI9_5_IRQHandler      0x080042f3         Code  Wk  startup_stm32f10x_hd.o [1]
EXTI_ClearITPendingBit  0x08003ce5    0x6  Code  Gb  stm32f10x_exti.o [1]
EXTI_GetITStatus        0x08003cb1   0x2c  Code  Gb  stm32f10x_exti.o [1]
EXTI_Init               0x08003c19   0x8a  Code  Gb  stm32f10x_exti.o [1]
FLASH_IRQHandler        0x080042a7         Code  Wk  startup_stm32f10x_hd.o [1]
FSMC_IRQHandler         0x08004357         Code  Wk  startup_stm32f10x_hd.o [1]
FSMC_NORSRAMCmd         0x08003b01   0x38  Code  Gb  stm32f10x_fsmc.o [1]
FSMC_NORSRAMInit        0x08003a25   0xd8  Code  Gb  stm32f10x_fsmc.o [1]
FatFs                   0x20000b1c    0x4  Data  Lc  ff.o [1]
FindSCR                 0x08001239  0x1ec  Code  Lc  sdcard.o [1]
Fsid                    0x20000b54    0x2  Data  Lc  ff.o [1]
GPIO_Configuration      0x0800143d   0x58  Code  Lc  sdcard.o [1]
GPIO_DeInit             0x08002d3d   0xcc  Code  Gb  stm32f10x_gpio.o [1]
GPIO_EXTILineConfig     0x08002f59   0x58  Code  Gb  stm32f10x_gpio.o [1]
GPIO_Init               0x08002e09  0x150  Code  Gb  stm32f10x_gpio.o [1]
GPIO_InitStructure      0x20000b20    0x4  Data  Gb  main.o [1]
HardFault_Handler       0x080041ab    0x2  Code  Gb  stm32f10x_it.o [1]
HexValueOffset          0x20001360   0x10  Data  Gb  lcd.o [1]
I2C1_ER_IRQHandler      0x08004317         Code  Wk  startup_stm32f10x_hd.o [1]
I2C1_EV_IRQHandler      0x08004313         Code  Wk  startup_stm32f10x_hd.o [1]
I2C2_ER_IRQHandler      0x0800431f         Code  Wk  startup_stm32f10x_hd.o [1]
I2C2_EV_IRQHandler      0x0800431b         Code  Wk  startup_stm32f10x_hd.o [1]
LCD_Clear               0x0800297d   0x60  Code  Gb  lcd.o [1]
LCD_CtrlLinesConfig     0x080029e1   0x78  Code  Gb  lcd.o [1]
LCD_DrawChar            0x08002741   0xc8  Code  Gb  lcd.o [1]
LCD_DrawString          0x08002809   0x4a  Code  Gb  lcd.o [1]
LCD_FSMCConfig          0x08002a59   0x6c  Code  Gb  lcd.o [1]
LEDM_Init               0x08002b49  0x108  Code  Gb  ledm.o [1]
MemManage_Handler       0x080041ad    0x2  Code  Gb  stm32f10x_it.o [1]
NMI_Handler             0x080041a9    0x2  Code  Gb  stm32f10x_it.o [1]
NVIC_Init               0x08003f6d   0x7c  Code  Gb  misc.o [1]
NumChannels             0x20000b5d    0x1  Data  Gb  waveplayer.o [1]
PVD_IRQHandler          0x0800429b         Code  Wk  startup_stm32f10x_hd.o [1]
PendSV_Handler          0x080041b7    0x2  Code  Gb  stm32f10x_it.o [1]
RCA                     0x20000b2c    0x4  Data  Lc  sdcard.o [1]
RCC_AHBPeriphClockCmd   0x08003e51   0x24  Code  Gb  stm32f10x_rcc.o [1]
RCC_APB1PeriphClockCmd  0x08003e99   0x24  Code  Gb  stm32f10x_rcc.o [1]
RCC_APB2PeriphClockCmd  0x08003e75   0x24  Code  Gb  stm32f10x_rcc.o [1]
RCC_APB2PeriphResetCmd  0x08003ebd   0x24  Code  Gb  stm32f10x_rcc.o [1]
RCC_IRQHandler          0x080042ab         Code  Wk  startup_stm32f10x_hd.o [1]
REncoder_Init           0x080031e1   0xa0  Code  Gb  rencoder.o [1]
RTCAlarm_IRQHandler     0x0800433b         Code  Wk  startup_stm32f10x_hd.o [1]
RTC_IRQHandler          0x080042a3         Code  Wk  startup_stm32f10x_hd.o [1]
ReadUnit                0x08002709   0x38  Code  Lc  waveplayer.o [1]
Region$$Table$$Base     0x080040c4          --   Gb  - Linker created -
Region$$Table$$Limit    0x080040f0          --   Gb  - Linker created -
SDEnWideBus             0x080010cd  0x16c  Code  Lc  sdcard.o [1]
SDIO_ClearFlag          0x08003501    0x6  Code  Gb  stm32f10x_sdio.o [1]
SDIO_ClockCmd           0x080033dd    0xc  Code  Gb  stm32f10x_sdio.o [1]
SDIO_CmdInitStructure   0x20000acc   0x14  Data  Gb  sdcard.o [1]
SDIO_DMACmd             0x08003435    0xc  Code  Gb  stm32f10x_sdio.o [1]
SDIO_DataConfig         0x0800349d   0x30  Code  Gb  stm32f10x_sdio.o [1]
SDIO_DataInitStructure  0x20000a84   0x18  Data  Gb  sdcard.o [1]
SDIO_DeInit             0x0800336d   0x3c  Code  Gb  stm32f10x_sdio.o [1]
SDIO_GetCommandResponse
                        0x08003475    0xc  Code  Gb  stm32f10x_sdio.o [1]
SDIO_GetFlagStatus      0x080034e5   0x1c  Code  Gb  stm32f10x_sdio.o [1]
SDIO_GetPowerState      0x08003401    0xa  Code  Gb  stm32f10x_sdio.o [1]
SDIO_GetResponse        0x08003481   0x1c  Code  Gb  stm32f10x_sdio.o [1]
SDIO_IRQHandler         0x0800435b         Code  Wk  startup_stm32f10x_hd.o [1]
SDIO_ITConfig           0x08003411   0x1e  Code  Gb  stm32f10x_sdio.o [1]
SDIO_Init               0x080033a9   0x30  Code  Gb  stm32f10x_sdio.o [1]
SDIO_InitStructure      0x20000a6c   0x18  Data  Gb  sdcard.o [1]
SDIO_ReadData           0x080034d9    0x6  Code  Gb  stm32f10x_sdio.o [1]
SDIO_SendCommand        0x08003441   0x2a  Code  Gb  stm32f10x_sdio.o [1]
SDIO_SetPowerState      0x080033e9   0x18  Code  Gb  stm32f10x_sdio.o [1]
SD_EnableWideBusOperation
                        0x08000955   0xc2  Code  Gb  sdcard.o [1]
SD_GetCardInfo          0x080005b1  0x394  Code  Gb  sdcard.o [1]
SD_Init                 0x08000131   0x82  Code  Gb  sdcard.o [1]
SD_InitializeCards      0x0800040d  0x1a4  Code  Gb  sdcard.o [1]
SD_PowerON              0x080001b5  0x258  Code  Gb  sdcard.o [1]
SD_ReadBlock            0x08000a7d  0x2b4  Code  Gb  sdcard.o [1]
SD_SelectDeselect       0x08000a41   0x3a  Code  Gb  sdcard.o [1]
SD_SendStatus           0x08000d49   0x6c  Code  Gb  sdcard.o [1]
SD_SetDeviceMode        0x08000a21   0x20  Code  Gb  sdcard.o [1]
SPI1_IRQHandler         0x08004323         Code  Wk  startup_stm32f10x_hd.o [1]
SPI2_IRQHandler         0x08004327         Code  Wk  startup_stm32f10x_hd.o [1]
SPI3_IRQHandler         0x08004363         Code  Wk  startup_stm32f10x_hd.o [1]
STM3210E_LCD_Init       0x080028a9   0xd4  Code  Gb  lcd.o [1]
SVC_Handler             0x080041b3    0x2  Code  Gb  stm32f10x_it.o [1]
SetSysClock             0x080036c1    0x8  Code  Lc  system_stm32f10x.o [1]
SetSysClockTo72         0x080036c9   0xe8  Code  Lc  system_stm32f10x.o [1]
SpeechDataOffset        0x20000b48    0x4  Data  Lc  waveplayer.o [1]
StopCondition           0x20000b34    0x4  Data  Lc  sdcard.o [1]
SysTick_Handler         0x080041b9    0x2  Code  Gb  stm32f10x_it.o [1]
SystemInit              0x08003669   0x58  Code  Gb  system_stm32f10x.o [1]
SystemInit_ExtMemCtl    0x08004111         Code  Wk  startup_stm32f10x_hd.o [1]
TAMPER_IRQHandler       0x0800429f         Code  Wk  startup_stm32f10x_hd.o [1]
TIM1_BRK_IRQHandler     0x080042f7         Code  Wk  startup_stm32f10x_hd.o [1]
TIM1_CC_IRQHandler      0x08004303         Code  Wk  startup_stm32f10x_hd.o [1]
TIM1_TRG_COM_IRQHandler
                        0x080042ff         Code  Wk  startup_stm32f10x_hd.o [1]
TIM1_UP_IRQHandler      0x080042fb         Code  Wk  startup_stm32f10x_hd.o [1]
TIM2_IRQHandler         0x08002c51   0xd8  Code  Gb  ledm.o [1]
TIM3_IRQHandler         0x0800430b         Code  Wk  startup_stm32f10x_hd.o [1]
TIM4_IRQHandler         0x0800430f         Code  Wk  startup_stm32f10x_hd.o [1]
TIM5_IRQHandler         0x0800435f         Code  Wk  startup_stm32f10x_hd.o [1]
TIM6ARRValue            0x20001374    0x2  Data  Gb  waveplayer.o [1]
TIM6_IRQHandler         0x0800436f         Code  Wk  startup_stm32f10x_hd.o [1]
TIM7_IRQHandler         0x08004373         Code  Wk  startup_stm32f10x_hd.o [1]
TIM8_BRK_IRQHandler     0x08004343         Code  Wk  startup_stm32f10x_hd.o [1]
TIM8_CC_IRQHandler      0x0800434f         Code  Wk  startup_stm32f10x_hd.o [1]
TIM8_TRG_COM_IRQHandler
                        0x0800434b         Code  Wk  startup_stm32f10x_hd.o [1]
TIM8_UP_IRQHandler      0x08004347         Code  Wk  startup_stm32f10x_hd.o [1]
TIM_ClearITPendingBit   0x08003c11    0x8  Code  Gb  stm32f10x_tim.o [1]
TIM_Cmd                 0x08003b91   0x1c  Code  Gb  stm32f10x_tim.o [1]
TIM_GetITStatus         0x08003bd9   0x38  Code  Gb  stm32f10x_tim.o [1]
TIM_ITConfig            0x08003bad   0x16  Code  Gb  stm32f10x_tim.o [1]
TIM_SelectOutputTrigger
                        0x08003bc3   0x12  Code  Gb  stm32f10x_tim.o [1]
TIM_SetAutoreload       0x08003bd5    0x4  Code  Gb  stm32f10x_tim.o [1]
TIM_TimeBaseInit        0x08003b39   0x36  Code  Gb  stm32f10x_tim.o [1]
TIM_TimeBaseStructInit  0x08003b79   0x18  Code  Gb  stm32f10x_tim.o [1]
TIM_TimeBaseStructure   0x20000b10    0xc  Data  Gb  speaker.o [1]
Temp_Init               0x08004389    0x2  Code  Gb  temp.o [1]
TotalNumberOfBytes      0x20000b30    0x4  Data  Lc  sdcard.o [1]
TransferEnd             0x20000b3c    0x4  Data  Gb  sdcard.o [1]
TransferError           0x20001376    0x1  Data  Gb  sdcard.o [1]
UART4_IRQHandler        0x08004367         Code  Wk  startup_stm32f10x_hd.o [1]
UART5_IRQHandler        0x0800436b         Code  Wk  startup_stm32f10x_hd.o [1]
USART1_IRQHandler       0x0800432b         Code  Wk  startup_stm32f10x_hd.o [1]
USART2_IRQHandler       0x0800432f         Code  Wk  startup_stm32f10x_hd.o [1]
USART3_IRQHandler       0x08004333         Code  Wk  startup_stm32f10x_hd.o [1]
USBWakeUp_IRQHandler    0x0800433f         Code  Wk  startup_stm32f10x_hd.o [1]
USB_HP_CAN1_TX_IRQHandler
                        0x080042e3         Code  Wk  startup_stm32f10x_hd.o [1]
USB_LP_CAN1_RX0_IRQHandler
                        0x080042e7         Code  Wk  startup_stm32f10x_hd.o [1]
UsageFault_Handler      0x080041b1    0x2  Code  Gb  stm32f10x_it.o [1]
WAVE_Format             0x20000a9c   0x18  Data  Lc  waveplayer.o [1]
WWDG_IRQHandler         0x08004297         Code  Wk  startup_stm32f10x_hd.o [1]
WaveDataLength          0x20000b44    0x4  Data  Gb  waveplayer.o [1]
WaveFileStatus          0x20001377    0x1  Data  Lc  waveplayer.o [1]
WavePlayerMenu_Start    0x08002529  0x1bc  Code  Gb  waveplayer.o [1]
WavePlayer_WaveParsing  0x08002235  0x2f4  Code  Lc  waveplayer.o [1]
Wavebuffer              0x20000620  0x200  Data  Gb  speaker.o [1]
Wavebuffer2             0x20000820  0x200  Data  Gb  waveplayer.o [1]
Wireless_Init           0x0800438b    0x2  Code  Gb  wireless.o [1]
__aeabi_memcpy          0x08003fed         Code  Gb  ABImemcpy.o [4]
__aeabi_memcpy4         0x08004007         Code  Gb  ABImemcpy.o [4]
__aeabi_memcpy8         0x08004007         Code  Gb  ABImemcpy.o [4]
__aeabi_memset          0x0800405d         Code  Gb  ABImemset.o [4]
__exit                  0x08004195   0x14  Code  Gb  exit.o [5]
__iar_Memset            0x0800405d         Code  Gb  ABImemset.o [4]
__iar_Memset_word       0x08004065         Code  Gb  ABImemset.o [4]
__iar_data_init2        0x080040f1   0x20  Code  Gb  data_init2.o [4]
__iar_packbits_init2    0x08003dbd   0x94  Code  Gb  packbits_init2.o [4]
__iar_program_start     0x08004165         Code  Gb  cmain.o [4]
__iar_sh_stdout_close   0x0800412d   0x16  Code  Gb  iarwstd.o [5]
__iar_sh_stdout_handle  0x20000b50    0x4  Data  Lc  iarwstd.o [5]
__iar_zero_init2        0x08004149   0x1a  Code  Gb  zero_init2.o [4]
__low_level_init        0x08004113         Code  Gb  startup_stm32f10x_hd.o [1]
__vector_table          0x08000000         Data  Gb  startup_stm32f10x_hd.o [1]
_exit                   0x08004259         Code  Gb  cexit.o [4]
_main                   0x08004177         Code  Gb  cmain.o [4]
b1_push_count           0x20000b56    0x1  Data  Lc  button.o [1]
b2_push_count           0x20000b57    0x1  Data  Lc  button.o [1]
check_fs                0x08001b75   0x80  Code  Lc  ff.o [1]
chk_chr                 0x08001577   0x14  Code  Lc  ff.o [1]
clust2sect              0x080015c5   0x1a  Code  Lc  ff.o [1]
column_bit_no           0x20000b59    0x1  Data  Lc  ledm.o [1]
convert_from_bytes_to_power_of_two
                        0x08001425   0x18  Code  Lc  sdcard.o [1]
create_name             0x08001991   0xe4  Code  Lc  ff.o [1]
delay                   0x08002853   0x20  Code  Gb  lcd.o [1]
dir_find                0x08001899   0x78  Code  Lc  ff.o [1]
dir_next                0x080017b7   0xba  Code  Lc  ff.o [1]
dir_sdi                 0x080016ef   0xc8  Code  Lc  ff.o [1]
disk_initialize         0x08003d15   0x58  Code  Gb  diskio.o [1]
disk_read               0x08003d6d   0x50  Code  Gb  diskio.o [1]
disk_status             0x08003cf1   0x24  Code  Gb  diskio.o [1]
exit                    0x0800426d    0x6  Code  Gb  exit.o [3]
f_close                 0x080021cb   0x1e  Code  Gb  ff.o [1]
f_mount                 0x08001f37   0x60  Code  Gb  ff.o [1]
f_open                  0x08001f9d   0x9a  Code  Gb  ff.o [1]
f_read                  0x08002037  0x194  Code  Gb  ff.o [1]
f_stat                  0x080021e9   0x4a  Code  Gb  ff.o [1]
fiInfo                  0x20000ab4   0x18  Data  Gb  waveplayer.o [1]
find_volume             0x08001bf5  0x2fc  Code  Lc  ff.o [1]
fiwave                  0x20000400  0x220  Data  Gb  waveplayer.o [1]
follow_path             0x08001a75   0xae  Code  Lc  ff.o [1]
get_fat                 0x080015df  0x110  Code  Lc  ff.o [1]
get_fileinfo            0x08001911   0x80  Code  Lc  ff.o [1]
get_ldnumber            0x08001b23   0x52  Code  Lc  ff.o [1]
ifPinsEqual             0x08003195   0x26  Code  Gb  rencoder.o [1]
ld_clust                0x08001871   0x28  Code  Lc  ff.o [1]
ld_dword                0x0800150d   0x1a  Code  Lc  ff.o [1]
ld_word                 0x080014fd   0x10  Code  Lc  ff.o [1]
led_buffer              0x20000a4c   0x20  Data  Lc  ledm.o [1]
main                    0x08003511  0x158  Code  Gb  main.o [1]
mem_cmp                 0x08001551   0x26  Code  Lc  ff.o [1]
mem_cpy                 0x08001527   0x1c  Code  Lc  ff.o [1]
mem_set                 0x08001543    0xe  Code  Lc  ff.o [1]
memset                  0x0800417d   0x16  Code  Gb  ledm.o [1]
move_window             0x0800158b   0x3a  Code  Lc  ff.o [1]
next_data_rising        0x20000b5a    0x1  Data  Lc  ledm.o [1]
next_latch_rising       0x20000b5b    0x1  Data  Lc  ledm.o [1]
power_delay             0x0800288d   0x1c  Code  Gb  lcd.o [1]
rencoder_state          0x20000b5c    0x1  Data  Lc  rencoder.o [1]
reset_delay             0x08002873   0x18  Code  Gb  lcd.o [1]
row_array               0x08004264    0x8  Data  Gb  ledm.o [1]
row_no                  0x20000b58    0x1  Data  Lc  ledm.o [1]
setDataClkPin           0x08002af1   0x2c  Code  Gb  ledm.o [1]
setDataPin              0x08002ac5   0x2c  Code  Gb  ledm.o [1]
setLatchClkPin          0x08002b1d   0x2c  Code  Gb  ledm.o [1]
setStableState          0x080031bb   0x22  Code  Gb  rencoder.o [1]
turn_count              0x20000b24    0x4  Data  Lc  rencoder.o [1]
validate                0x08001ef1   0x46  Code  Lc  ff.o [1]
wavecounter             0x20000b40    0x4  Data  Gb  speaker.o [1]
wavelen                 0x20000b4c    0x4  Data  Lc  waveplayer.o [1]


[1] = Z:\elec3300\project work\project_src\ELEC3300PROJ\Project\EWARMv5\STM3210E debug\Obj
[2] = command line
[3] = dl7M_tl_in.a
[4] = rt7M_tl.a
[5] = shb_l.a

  17 078 bytes of readonly  code memory
   1 328 bytes of readonly  data memory
   4 982 bytes of readwrite data memory

Errors: none
Warnings: none
